data/runs/374fee4d-47d7-4066-88b8-f9902f109160/panel.csv
t,firm_id,price,cost,quantity,profit
0,0,3.0,1.0,2500.0,5000.0
1,0,2.9174049774051376,0.9174049774051376,2557.158221822706,5114.316443645412
2,0,2.9079686068038417,0.9079686068038418,2593.9767329298593,5187.953465859719
3,0,2.9269178102324216,0.9269178102324215,2551.564092793472,5103.128185586944
4,0,2.984723524721203,0.984723524721203,2536.8434313978973,5073.686862795795
5,0,3.1160419154049035,1.1160419154049035,2368.900732073083,4737.801464146166
6,0,3.0479438992625694,1.0479438992625694,2358.2764107610533,4716.552821522107
7,0,3.0778620961219785,1.0778620961219783,2470.2839274204894,4940.567854840979
8,0,2.931521174552571,0.931521174552571,2592.9510224890746,5185.902044978149
9,0,2.8782951963057846,0.8782951963057848,2516.8723833069766,5033.744766613952
10,0,2.8755955797788664,0.8755955797788663,2537.5302500992007,5075.060500198401
11,0,3.0106032051239966,1.0106032051239966,2445.5566913851003,4891.113382770201
12,0,2.9076296840836116,0.9076296840836117,2379.186715825666,4758.373431651332
13,0,2.943821083029161,0.9438210830291611,2398.649218021538,4797.298436043076
14,0,2.913643125701917,0.9136431257019166,2430.547479691717,4861.094959383434
15,0,2.839799141019899,0.8397991410198992,2479.0225142139216,4958.045028427843
16,0,2.87425637059061,0.8742563705906102,2597.5185702131275,5195.037140426255
17,0,3.1281210091661813,1.1281210091661813,2373.82285323333,4747.64570646666
18,0,3.0860399122958313,1.0860399122958313,2515.783534835553,5031.567069671106
19,0,2.9990092349086885,0.9990092349086885,2587.435545451032,5174.871090902064
20,0,2.9465618418538737,0.9465618418538735,2576.1688705103934,5152.337741020787
21,0,3.024522180533091,1.0245221805330909,2516.113836507863,5032.227673015726
22,0,3.0509133999721922,1.0509133999721922,2575.7358504791555,5151.471700958311
23,0,3.1540929209546054,1.1540929209546056,2486.546718940719,4973.093437881437
24,0,3.2252205764315685,1.2252205764315682,2381.5008283656534,4763.001656731307
25,0,3.1622083414539097,1.1622083414539097,2450.7382218798653,4901.4764437597305
26,0,3.17336957941119,1.1733695794111898,2431.0180343155503,4862.0360686311005
27,0,3.227836188365883,1.2278361883658826,2307.265799823284,4614.531599646568
28,0,3.0019327629698327,1.0019327629698327,2456.033636233354,4912.067272466708
29,0,2.980054888286909,0.9800548882869091,2480.3212274449206,4960.64245488984
30,0,2.8304001511061783,0.830400151106178,2542.2790643787507,5084.558128757501
31,0,2.7902401333021274,0.7902401333021276,2754.593901047504,5509.187802095007
32,0,2.87678071191812,0.8767807119181203,2608.7038728903776,5217.407745780754
33,0,2.831778171424277,0.8317781714242769,2605.1166863880167,5210.233372776033
34,0,2.8343219356369067,0.8343219356369065,2580.9840914280785,5161.968182856157
35,0,2.6513791308359425,0.6513791308359427,2728.8556744363214,5457.711348872642
36,0,2.705379029635275,0.7053790296352749,2576.693340662211,5153.386681324422
37,0,2.7093560282263063,0.7093560282263063,2476.1418310844238,4952.2836621688475
38,0,2.7535691567930356,0.7535691567930357,2456.0558565567558,4912.1117131135115
39,0,2.6934282300545465,0.6934282300545466,2535.8652977749084,5071.730595549817
40,0,2.73876640510586,0.73876640510586,2461.3623845977363,4922.724769195473
41,0,2.768141032647491,0.7681410326474911,2637.9833433233616,5275.966686646722
42,0,2.7650447621750374,0.7650447621750375,2737.6546799150988,5475.3093598301975
43,0,2.790258305914732,0.7902583059147318,2810.7500375542477,5621.500075108495
44,0,2.8953368398480386,0.8953368398480387,2734.294418389392,5468.588836778784
45,0,2.979362022624908,0.9793620226249079,2575.194346061392,5150.388692122784
46,0,2.977140956868482,0.977140956868482,2632.2274930233834,5264.454986046767
47,0,3.0350939697753483,1.0350939697753483,2618.481932466476,5236.963864932952
48,0,3.195310540351369,1.195310540351369,2423.3332411053634,4846.666482210727
49,0,3.3955671791974313,1.3955671791974313,2212.356908780162,4424.713817560324
50,0,3.4298710458637833,1.429871045863783,2214.130450134973,4428.260900269946
51,0,3.2565981296208446,1.2565981296208446,2361.4627946392693,4722.925589278539
52,0,3.312057615238963,1.3120576152389631,2152.5036258336922,4305.0072516673845
53,0,3.4130811581772034,1.4130811581772034,2029.0995910040124,4058.1991820080248
54,0,3.4694725516671574,1.4694725516671574,1970.265680943592,3940.531361887184
55,0,3.554171907570213,1.5541719075702127,1811.2385508408531,3622.4771016817062
56,0,3.5243012565960106,1.5243012565960103,1830.2224325163415,3660.444865032683
57,0,3.4679284551233387,1.467928455123339,1923.461048807964,3846.9220976159277
58,0,3.4361817725170978,1.4361817725170978,1843.3770223659005,3686.754044731801
59,0,3.486060589793107,1.4860605897931067,1929.554821145407,3859.109642290814
60,0,3.5041087419371566,1.5041087419371566,1868.73370453569,3737.46740907138
61,0,3.431964678012029,1.431964678012029,1944.0055955392513,3888.0111910785026
62,0,3.597625342039156,1.5976253420391557,1845.2178753601977,3690.4357507203954
63,0,3.7033878357084413,1.7033878357084415,1758.163488050416,3516.3269761008314
64,0,3.7324511627928265,1.7324511627928265,1760.7768879392015,3521.553775878403
65,0,3.74040655699628,1.7404065569962799,1781.0705434582721,3562.1410869165443
66,0,3.8053956679154766,1.8053956679154763,1839.390598352059,3678.781196704118
67,0,3.733740644577736,1.7337406445777361,1932.5214252036408,3865.0428504072815
68,0,3.8855663387671218,1.885566338767122,1781.6119490226163,3563.223898045232
69,0,3.9213440649545355,1.9213440649545355,1688.133143494933,3376.266286989866
70,0,3.9972485123503656,1.9972485123503656,1541.3340886782264,3082.668177356453
71,0,3.9496712718348777,1.9496712718348774,1583.4839738465423,3166.9679476930846
72,0,3.985397098722582,1.9853970987225817,1587.5480471066865,3175.096094213373
73,0,4.12303715478478,2.1230371547847797,1498.5982456213185,2997.196491242637
74,0,4.251665623171444,2.251665623171444,1370.1553933118794,2740.310786623759
75,0,4.15683772042917,2.1568377204291704,1464.185336932404,2928.3706738648075
76,0,4.134004510321644,2.1340045103216436,1504.145635945902,3008.291271891804
77,0,3.9560052724045693,1.9560052724045693,1725.8735357531705,3451.747071506341
78,0,4.002335790275781,2.0023357902757817,1712.9765830423505,3425.9531660847
79,0,4.010333429093295,2.0103334290932957,1647.3323660364479,3294.664732072895
80,0,3.7826528375095334,1.7826528375095336,1843.0846969255065,3686.1693938510125
81,0,3.8939556621253275,1.8939556621253275,1797.7541920805418,3595.5083841610835
82,0,3.8483141610732865,1.8483141610732865,1820.611307299572,3641.222614599144
83,0,3.912915090239827,1.912915090239827,1815.331443785536,3630.662887571072
84,0,3.8235132745057117,1.8235132745057117,1836.580477367441,3673.160954734882
85,0,3.6250412959399148,1.6250412959399145,1908.8791751884376,3817.758350376875
86,0,3.750751418180522,1.750751418180522,1773.9137154272362,3547.8274308544724
87,0,3.8973948098361424,1.8973948098361424,1576.760933704244,3153.521867408488
88,0,3.7242381001852958,1.7242381001852958,1722.2308770332525,3444.461754066505
89,0,3.7839797366141292,1.7839797366141292,1688.0009107919977,3376.0018215839955
90,0,3.759420735342009,1.7594207353420088,1686.4386586579694,3372.877317315939
91,0,3.6564746014937946,1.6564746014937946,1819.9563332715607,3639.9126665431213
92,0,3.536229879272253,1.5362298792722529,1980.0313342835325,3960.062668567065
93,0,3.419483433059379,1.419483433059379,2072.8870958402617,4145.7741916805235
94,0,3.527500236076079,1.527500236076079,2047.0998095493414,4094.199619098683
95,0,3.5145014526296006,1.5145014526296003,2003.440885502113,4006.881771004226
96,0,3.4843604285440817,1.484360428544082,1901.868009605309,3803.7360192106175
97,0,3.3770299704851414,1.3770299704851416,1945.4050392234706,3890.8100784469407
98,0,3.4093468062540433,1.409346806254043,1968.630057350676,3937.260114701352
99,0,3.4320313062812318,1.432031306281232,1996.8834718021155,3993.7669436042306
0,1,3.0,1.0,2500.0,5000.0
1,1,3.0242505701119606,1.0242505701119606,2424.1326152059537,4848.265230411907
2,1,3.0565957851151335,1.0565957851151337,2408.197463324478,4816.394926648955
3,1,3.0744322279950653,1.0744322279950655,2370.1407272664037,4740.2814545328065
4,1,3.041880980338367,1.0418809803383668,2465.3698500590694,4930.739700118139
5,1,2.8786181134843662,0.878618113484366,2667.489912023358,5334.979824046716
6,1,2.774858807128704,0.774858807128704,2703.300851350668,5406.601702701336
7,1,2.8757498625036675,0.8757498625036675,2732.9707687248424,5465.941537449685
8,1,2.8391038623078524,0.8391038623078526,2715.579227634046,5431.1584552680915
9,1,2.6671656735985128,0.6671656735985128,2797.09610684339,5594.19221368678
10,1,2.7064419961591675,0.7064419961591675,2761.4835607536947,5522.9671215073895
11,1,2.7283089140680516,0.7283089140680515,2816.28862629429,5632.57725258858
12,1,2.47316570268859,0.4731657026885898,2956.454374651499,5912.908749302998
13,1,2.543128197826695,0.5431281978266949,2930.7319252854118,5861.4638505708235
14,1,2.519542784194592,0.5195427841945919,2959.9332074019903,5919.866414803981
15,1,2.49254651246353,0.4925465124635302,2949.072308688527,5898.144617377054
16,1,2.714249170893158,0.714249170893158,2813.8684046397893,5627.736809279579
17,1,2.731805967705684,0.7318059677056842,2894.0566256959714,5788.113251391943
18,1,2.825300069211147,0.825300069211147,2866.105733947526,5732.211467895052
19,1,2.8171414410028675,0.8171414410028677,2833.750630293859,5667.501260587717
20,1,2.7201811492593535,0.7201811492593533,2884.910011770897,5769.820023541794
21,1,2.753118432600046,0.7531184326000461,2881.806795002548,5763.613590005096
22,1,2.854398583496905,0.854398583496905,2841.6721630366665,5683.344326073332
23,1,2.8400932629446767,0.8400932629446767,2909.248257453297,5818.496514906594
24,1,2.7871869732006473,0.7871869732006471,2964.6165265352515,5929.233053070503
25,1,2.806439514783606,0.8064395147836062,2927.8656414360953,5855.731282872191
26,1,2.8088017721847947,0.8088017721847948,2917.1118005728335,5834.223601145667
27,1,2.701371782544126,0.7013717825441259,3002.050003956879,6004.100007913758
28,1,2.6032207678819974,0.6032207678819972,2997.874996767067,5995.749993534134
29,1,2.6332738748904934,0.6332738748904935,2949.921576268829,5899.843152537658
30,1,2.527107132188628,0.5271071321886283,2958.5741838071544,5917.148367614308
31,1,2.7023868102800095,0.7023868102800094,2878.290924230168,5756.581848460336
32,1,2.621089295194448,0.6210892951944481,2964.4727912299577,5928.945582459915
33,1,2.5682312807957177,0.5682312807957177,2972.0469160653183,5944.093832130637
34,1,2.5413881023830576,0.5413881023830576,2988.0998198402835,5976.199639680567
35,1,2.487176583361596,0.48717658336159625,2962.352239294357,5924.704478588714
36,1,2.3572682352381666,0.35726823523816664,3066.5781265993432,6133.1562531986865
37,1,2.2315212656661187,0.2315212656661188,3144.3871830388075,6288.774366077615
38,1,2.226170374093938,0.2261703740939379,3197.1383505975414,6394.276701195083
39,1,2.2477077584827727,0.24770775848277282,3168.9336869034078,6337.8673738068155
40,1,2.1991266168048664,0.19912661680486624,3223.7165616963607,6447.433123392721
41,1,2.4292862892576634,0.42928628925766354,3125.024464630431,6250.048929260862
42,1,2.5640122218032784,0.5640122218032784,3027.1387541134777,6054.277508226955
43,1,2.724020387867774,0.724020387867774,2905.397819717475,5810.795639434949
44,1,2.7751116058850718,0.775111605885072,2903.700730059671,5807.401460119341
45,1,2.6552611827345753,0.6552611827345751,3028.2213241122718,6056.4426482245435
46,1,2.7536475557197697,0.7536475557197696,2943.4346383525676,5886.869276705135
47,1,2.8352404121193184,0.8352404121193184,2893.6581964668694,5787.316392933739
48,1,2.7224158458319874,0.7224158458319874,3069.7352253908566,6139.470450781713
49,1,2.640866900697267,0.6408669006972669,3226.5342096869235,6453.068419373847
50,1,2.6773123830362593,0.6773123830362591,3225.664851586474,6451.329703172948
51,1,2.67529916278769,0.6752991627876896,3157.974176645172,6315.948353290344
52,1,2.4552263661580973,0.4552263661580972,3303.7139212580905,6607.427842516181
53,1,2.3880059346560105,0.3880059346560106,3387.6272673137014,6775.254534627403
54,1,2.362751532451414,0.36275153245141367,3426.46427770359,6852.92855540718
55,1,2.2095949678469036,0.2095949678469035,3547.6994932603116,7095.398986520623
56,1,2.2116396089820847,0.21163960898208461,3528.1312191767843,7056.2624383535685
57,1,2.2814703128174125,0.2814703128174125,3481.1241178386404,6962.248235677281
58,1,2.11854468681133,0.11854468681133018,3562.340492441276,7124.6809848825515
59,1,2.316869064362913,0.31686906436291284,3462.1337038176976,6924.267407635395
60,1,2.2918744985352713,0.29187449853527137,3425.9477879418605,6851.895575883721
61,1,2.334975921993403,0.33497592199340287,3364.3842590221943,6728.768518044389
62,1,2.386109767231378,0.3861097672313777,3381.6208891546644,6763.241778309329
63,1,2.350911916347585,0.35091191634758495,3457.368502291331,6914.737004582662
64,1,2.4017553403343195,0.4017553403343194,3425.005359350417,6850.010718700834
65,1,2.44053177303166,0.4405317730316602,3411.499751425226,6822.999502850451
66,1,2.618380003623929,0.6183800036239291,3329.899596581882,6659.799193163763
67,1,2.691254305061363,0.6912543050613632,3254.5979747036013,6509.1959494072025
68,1,2.6509415683406545,0.6509415683406544,3302.999282088026,6605.998564176052
69,1,2.543950110884788,0.5439501108847881,3361.2745976339975,6722.549195267995
70,1,2.3653594861985807,0.36535948619858083,3485.434960803265,6970.86992160653
71,1,2.3652784529052595,0.3652784529052597,3496.7147180302322,6993.429436060464
72,1,2.4263288539476475,0.42632885394764775,3461.5789870427216,6923.157974085442
73,1,2.4711900034713965,0.4711900034713963,3422.7822506507646,6845.564501301529
74,1,2.3452077700048566,0.3452077700048568,3554.282042534671,7108.564085069341
75,1,2.3944162903583317,0.39441629035833187,3534.2804161062336,7068.560832212466
76,1,2.430316168568763,0.4303161685687629,3525.665540037124,7051.331080074248
77,1,2.6163760799015243,0.6163760799015245,3372.1412086847654,6744.28241736953
78,1,2.630500062090341,0.6305000620903408,3401.275176422459,6802.550352844918
79,1,2.508833515498137,0.5088335154981372,3490.0190285504295,6980.038057100859
80,1,2.5988249290931376,0.5988249290931376,3331.273248599782,6662.546497199564
81,1,2.6593961084990867,0.6593961084990868,3332.8173310541315,6665.634662108263
82,1,2.6604720600236544,0.6604720600236544,3297.2651364736325,6594.530272947265
83,1,2.708714079854828,0.7087140798548281,3314.7047999817974,6629.409599963595
84,1,2.6461173496810924,0.6461173496810926,3308.8588405589576,6617.717681117914
85,1,2.5117216668956392,0.5117216668956391,3330.6785934943446,6661.357186988689
86,1,2.4634540980695188,0.4634540980695186,3376.490661621468,6752.981323242936
87,1,2.2800629556759353,0.2800629556759354,3539.688142575172,7079.376285150344
88,1,2.3264720609175886,0.32647206091758874,3464.2754020099574,6928.550804019915
89,1,2.3480155233141033,0.3480155233141034,3460.894364067311,6921.788728134622
90,1,2.296035966448285,0.2960359664482846,3505.4236638761877,7010.847327752375
91,1,2.3985776935838947,0.39857769358389455,3413.577842927641,6827.155685855282
92,1,2.529893814726057,0.5298938147260566,3274.8782808702395,6549.756561740479
93,1,2.523255664344801,0.5232556643448012,3244.8082327631823,6489.616465526365
94,1,2.630819158984464,0.630819158984464,3205.168307312468,6410.336614624936
95,1,2.5928271482639103,0.59282714826391,3176.2564845600155,6352.512969120031
96,1,2.3987153704798057,0.3987153704798056,3272.8432259010765,6545.686451802153
97,1,2.3255772868768747,0.32557728687687465,3291.0166973272903,6582.033394654581
98,1,2.440420909383689,0.44042090938368866,3195.683033295874,6391.366066591748
99,1,2.5508917593059452,0.5508917593059455,3102.3425102255947,6204.685020451188
