data/runs/374fee4d-47d7-4066-88b8-f9902f109160/panel.csv
t,firm_id,price,cost,quantity,profit
0,2,3.0,1.0,2500.0,5000.0
1,2,2.9936148916859233,0.9936148916859233,2461.5509411486346,4923.101882297269
2,2,3.0602103750085807,1.0602103750085807,2403.849070815804,4807.698141631608
3,2,2.9464780781636426,0.9464780781636428,2526.7310871466525,5053.462174293304
4,2,3.0454752009914072,1.0454752009914074,2460.9432871451363,4921.886574290272
5,2,3.1784529588385606,1.1784529588385608,2296.119443880201,4592.238887760401
6,2,3.1552144109585933,1.1552144109585931,2235.121886537611,4470.243773075222
7,2,3.437455075340846,1.437455075340846,2063.7745351298263,4127.549070259653
8,2,3.475076022458766,1.4750760224587658,1975.890522242833,3951.781044485666
9,2,3.452302439157339,1.452302439157339,1888.9354030062448,3777.8708060124895
10,2,3.4131149846388698,1.4131149846388698,1939.5026283934103,3879.0052567868206
11,2,3.4925555339669536,1.4925555339669534,1921.866056026319,3843.732112052638
12,2,3.570612708830974,1.570612708830974,1707.9045348713344,3415.8090697426687
13,2,3.585992330865653,1.585992330865653,1739.8869314076385,3479.773862815277
14,2,3.6888273676302,1.6888273676301997,1649.5861055043024,3299.172211008605
15,2,3.6871811984332856,1.6871811984332854,1622.8328684090252,3245.6657368180504
16,2,3.636056483438445,1.6360564834384446,1774.744620507294,3549.489241014588
17,2,3.639698783185035,1.6396987831850354,1838.0638953747275,3676.1277907494546
18,2,3.809686822026068,1.8096868220260678,1752.0049972693948,3504.0099945387897
19,2,3.786762192923698,1.7867621929236979,1745.0631939612485,3490.126387922497
20,2,3.832761942328288,1.8327619423282882,1654.0111059478127,3308.022211895625
21,2,3.784987843777409,1.7849878437774087,1720.2725734870412,3440.5451469740824
22,2,3.834356705481295,1.8343567054812948,1740.9198234475107,3481.8396468950214
23,2,3.9205682293960047,1.9205682293960047,1694.9567661526874,3389.9135323053747
24,2,3.912093984114324,1.9120939841143239,1689.2661185638433,3378.5322371276866
25,2,3.901356129208892,1.9013561292088919,1693.5304952479437,3387.0609904958874
26,2,3.8482535418954718,1.8482535418954718,1734.7583645387824,3469.516729077565
27,2,3.8521224985898215,1.8521224985898217,1688.6341922629567,3377.268384525913
28,2,3.9248210955174394,1.9248210955174394,1548.2163702325122,3096.4327404650244
29,2,3.8321816963141027,1.8321816963141027,1619.8356200174203,3239.6712400348406
30,2,3.832213757970566,1.8322137579705662,1540.5725680069406,3081.1451360138813
31,2,4.020806758445383,2.0208067584453837,1488.82425049216,2977.6485009843195
32,2,4.034397500624501,2.034397500624501,1462.3505446497077,2924.7010892994153
33,2,4.002517349807658,2.0025173498076576,1450.789481481345,2901.57896296269
34,2,3.997469557824652,1.997469557824652,1442.8162688913546,2885.6325377827093
35,2,4.0642159224237915,2.064215922423792,1346.4398469749653,2692.8796939499302
36,2,4.088875270689533,2.0888752706895324,1290.1504061391026,2580.3008122782057
37,2,4.100481650624922,2.100481650624922,1235.083802837961,2470.167605675922
38,2,4.271737222839805,2.2717372228398047,1149.6674422481606,2299.3348844963216
39,2,4.316680236814332,2.3166802368143324,1126.2673284182754,2252.5346568365508
40,2,4.365632178798441,2.3656321787984402,1091.2044920095425,2182.4089840190854
41,2,4.495908166338327,2.495908166338327,1111.967727415777,2223.935454831554
42,2,4.401203490262689,2.401203490262689,1208.0678118579474,2416.135623715895
43,2,4.215235404634904,2.215235404634904,1378.454323010802,2756.908646021604
44,2,4.15253528048805,2.15253528048805,1458.3041214912648,2916.6082429825296
45,2,4.243981755449288,2.243981755449288,1368.3630057140647,2736.7260114281294
46,2,4.127497458666651,2.1274974586666517,1480.903230271481,2961.8064605429618
47,2,4.027537252403876,2.0275372524038766,1594.2016745997853,3188.4033491995697
48,2,4.240210055092271,2.2402100550922706,1437.1963081129225,2874.392616225845
49,2,4.40645873637717,2.4064587363771697,1334.5746718459911,2669.1493436919823
50,2,4.4424174554804425,2.4424174554804425,1334.539846692079,2669.079693384158
51,2,4.415978505293755,2.4159785052937552,1322.5888520703866,2645.177704140773
52,2,4.414987607727721,2.414987607727721,1240.0685316501254,2480.1370633002502
53,2,4.470892404990435,2.4708924049904355,1195.645874368585,2391.2917487371697
54,2,4.500201769779579,2.5002017697795798,1176.8057636492272,2353.611527298454
55,2,4.5636781425015975,2.5636781425015975,1093.3624626385233,2186.7249252770466
56,2,4.518132681920262,2.5181326819202625,1113.5151291300901,2227.03025826018
57,2,4.559744694978777,2.559744694978777,1114.2907155147557,2228.5814310295114
58,2,4.596495314081892,2.5964953140818925,1031.941992751548,2063.8839855030956
59,2,4.527773758195135,2.5277737581951345,1146.177771219199,2292.3555424383985
60,2,4.261894154780018,2.2618941547800175,1279.37071958059,2558.7414391611806
61,2,4.195283918333845,2.1952839183338453,1327.22588641636,2654.45177283272
62,2,4.161997469510137,2.1619974695101374,1391.5403463304724,2783.0806926609444
63,2,4.2659359403164325,2.2659359403164325,1327.099507366922,2654.199014733844
64,2,4.206487487170321,2.2064874871703206,1389.2123933599632,2778.424786719927
65,2,4.227714128566009,2.227714128566009,1395.9299536912765,2791.859907382553
66,2,4.21225410579618,2.212254105796181,1500.8102084841769,3001.6204169683533
67,2,4.164223153603272,2.164223153603272,1558.2826253891562,3116.5652507783125
68,2,4.085168962410662,2.0851689624106617,1612.3894868013317,3224.7789736026634
69,2,4.041981043541977,2.0419810435419774,1589.317661237073,3178.635322474145
70,2,4.067953531222186,2.0679535312221864,1487.7959897152446,2975.591979430489
71,2,4.163269869018,2.163269869018001,1423.0865900929923,2846.173180185984
72,2,4.113174197296771,2.113174197296771,1489.2939788078706,2978.5879576157413
73,2,3.9234839433102513,1.923483943310251,1655.8372530771526,3311.674506154305
74,2,4.042409084275095,2.042409084275095,1521.2805216187794,3042.5610432375584
75,2,4.152650705290458,2.152650705290459,1467.2538308551289,2934.5076617102573
76,2,4.214895897117437,2.214895897117437,1444.523283979849,2889.0465679596978
77,2,4.1971403119683135,2.197140311968314,1529.8440468772992,3059.688093754598
78,2,4.288681147877551,2.28868114787755,1484.4730641127326,2968.9461282254656
79,2,4.375191293876529,2.3751912938765294,1372.6295768626926,2745.259153725385
80,2,4.20212627626892,2.2021262762689204,1494.3688058749294,2988.737611749859
81,2,4.207873217859375,2.207873217859375,1536.6111458111964,3073.2222916223927
82,2,4.125668660196433,2.1256686601964327,1584.8584197531627,3169.7168395063254
83,2,4.222167093406789,2.222167093406789,1555.2589562508683,3110.5179125017357
84,2,4.168367940141568,2.1683679401415676,1545.701841514644,3091.403683029289
85,2,4.203055512270304,2.2030555122703044,1429.7636378228726,2859.5272756457452
86,2,4.12238312316203,2.12238312316203,1473.104961329829,2946.209922659658
87,2,4.217043932517321,2.217043932517321,1343.8627811454112,2687.725562290822
88,2,4.212428240587428,2.212428240587428,1349.2183189468312,2698.436637893663
89,2,4.172159458911333,2.1721594589113327,1390.2103610733814,2780.4207221467627
90,2,4.275759159089448,2.2757591590894477,1302.7140135896557,2605.428027179312
91,2,4.249616512449906,2.249616512449906,1352.887980873158,2705.775961746316
92,2,4.1316418616239226,2.131641861623922,1470.2121039759888,2940.424207951978
93,2,4.1515621362948805,2.1515621362948805,1437.496438633374,2874.992877266748
94,2,4.093456980851173,2.0934569808511734,1542.563575825722,3085.127151651444
95,2,3.9099130123095005,1.9099130123095005,1644.0461453778555,3288.092290755711
96,2,3.890370652015667,1.890370652015667,1552.4455385925382,3104.8910771850765
97,2,3.933963481482802,1.933963481482802,1472.5615661219485,2945.123132243897
98,2,3.7746253926588507,1.7746253926588507,1640.0038760575758,3280.0077521151516
99,2,3.6413769076093665,1.6413769076093665,1798.4315077466943,3596.8630154933885
